[13:09:45] [panel] working directory: /private/var/folders/cc/scptwd_s4cgclnjn5937fyjw0000gn/T/cdsfl_panel_ntbsmcin/repo
[13:09:45] [panel] working directory: /private/var/folders/cc/scptwd_s4cgclnjn5937fyjw0000gn/T/cdsfl_panel_82ebcr4a/repo
[13:09:45] [panel] working directory: /private/var/folders/cc/scptwd_s4cgclnjn5937fyjw0000gn/T/cdsfl_panel_ujtrpjhr/repo
[13:09:45] [panel] working directory: /private/var/folders/cc/scptwd_s4cgclnjn5937fyjw0000gn/T/cdsfl_panel_3l8sen4z/repo
[13:09:45] [panel] working directory: /private/var/folders/cc/scptwd_s4cgclnjn5937fyjw0000gn/T/cdsfl_panel_nx9q78gt/repo
    suite: GREEN at abc0e5e — 8,157 passed, 0 failed  [recorded at abc0e5e, HEAD is 31537d0, 3 commit(s) later]
=== maths panel — 5 dispatched seats + CC1 ===
    PAID seats: cx, cgpt, ge, ds, kimi  (brief 12,231 chars, about 3,057 tokens each)
    free seats: cc2, fable (Max subscription)
    cx confined to its own copy: /var/folders/cc/scptwd_s4cgclnjn5937fyjw0000gn/T/cdsfl_panel_82ebcr4a/repo
    cgpt confined to its own copy: /var/folders/cc/scptwd_s4cgclnjn5937fyjw0000gn/T/cdsfl_panel_3l8sen4z/repo
    ge confined to its own copy: /var/folders/cc/scptwd_s4cgclnjn5937fyjw0000gn/T/cdsfl_panel_ntbsmcin/repo
    ds confined to its own copy: /var/folders/cc/scptwd_s4cgclnjn5937fyjw0000gn/T/cdsfl_panel_ujtrpjhr/repo
    kimi confined to its own copy: /var/folders/cc/scptwd_s4cgclnjn5937fyjw0000gn/T/cdsfl_panel_nx9q78gt/repo
  [ge] ok=True chars=5398 tools=16 112.3s STOPPED=max_iterations_harvested
  [cx] ok=True chars=9487 tools=23 145.0s STOPPED=max_iterations_harvested
  [cgpt] ok=True chars=16938 tools=30 202.8s
  [ds] ok=True chars=15490 tools=35 366.1s STOPPED=max_iterations_harvested
  [kimi] ok=True chars=20187 tools=13 403.5s
[13:16:28] [panel] working directory: (inherited — repo)
    canonical tree unchanged (7900 tracked files re-hashed)
    harvested 0 byte(s) of seat-written files into /Users/georgejackson/Developer_Projects/Constraint_Engineering/bench/logs/maths_panel_2026-09-20_r2/sandbox_harvest

  5/5 responded. Logs: /Users/georgejackson/Developer_Projects/Constraint_Engineering/bench/logs/maths_panel_2026-09-20_r2
